\BOOKMARK [1][-]{section.1}{\376\377\000I\000n\000t\000r\000o\000d\000u\000c\000t\000i\000o\000n}{}% 1
\BOOKMARK [2][-]{subsection.1.1}{\376\377\000B\000a\000c\000k\000g\000r\000o\000u\000n\000d}{section.1}% 2
<<<<<<< HEAD
\BOOKMARK [2][-]{subsection.1.2}{\376\377\000L\000i\000t\000e\000r\000a\000t\000u\000r\000e\000\040\000R\000e\000v\000i\000e\000w}{section.1}% 3
\BOOKMARK [2][-]{subsection.1.3}{\376\377\000T\000h\000e\000\040\000D\000e\000s\000c\000r\000i\000p\000t\000i\000o\000n\000\040\000o\000f\000\040\000t\000h\000e\000\040\000P\000r\000o\000b\000l\000e\000m}{section.1}% 4
\BOOKMARK [2][-]{subsection.1.4}{\376\377\000O\000u\000r\000\040\000w\000o\000r\000k}{section.1}% 5
\BOOKMARK [1][-]{section.2}{\376\377\000A\000s\000s\000u\000m\000p\000t\000i\000o\000n\000s}{}% 6
\BOOKMARK [1][-]{section.3}{\376\377\000N\000o\000t\000a\000t\000i\000o\000n\000s}{}% 7
\BOOKMARK [1][-]{section.4}{\376\377\000M\000o\000d\000e\000l\000s}{}% 8
\BOOKMARK [2][-]{subsection.4.1}{\376\377\000M\000o\000d\000e\000l\000i\000n\000g\000\040\000a\000n\000d\000\040\000S\000o\000l\000v\000i\000n\000g\000\040\000o\000f\000\040\000P\000r\000o\000b\000l\000e\000m\000\040\0001}{section.4}% 9
\BOOKMARK [3][-]{subsubsection.4.1.1}{\376\377\000P\000r\000o\000b\000l\000e\000m\000\040\000A\000n\000a\000l\000y\000s\000i\000s}{subsection.4.1}% 10
\BOOKMARK [3][-]{subsubsection.4.1.2}{\376\377\000M\000o\000d\000e\000l\000\040\000P\000r\000e\000p\000a\000r\000a\000t\000i\000o\000n}{subsection.4.1}% 11
\BOOKMARK [3][-]{subsubsection.4.1.3}{\376\377\000M\000o\000d\000e\000l\000\040\000C\000o\000n\000s\000t\000r\000u\000c\000t\000i\000o\000n}{subsection.4.1}% 12
\BOOKMARK [3][-]{subsubsection.4.1.4}{\376\377\000M\000o\000d\000e\000l\000\040\000S\000o\000l\000u\000t\000i\000o\000n}{subsection.4.1}% 13
\BOOKMARK [2][-]{subsection.4.2}{\376\377\000M\000o\000d\000e\000l\000i\000n\000g\000\040\000a\000n\000d\000\040\000S\000o\000l\000v\000i\000n\000g\000\040\000o\000f\000\040\000P\000r\000o\000b\000l\000e\000m\000\040\0002}{section.4}% 14
\BOOKMARK [3][-]{subsubsection.4.2.1}{\376\377\000P\000r\000o\000b\000l\000e\000m\000\040\000A\000n\000a\000l\000y\000s\000i\000s}{subsection.4.2}% 15
\BOOKMARK [3][-]{subsubsection.4.2.2}{\376\377\000M\000o\000d\000e\000l\000\040\000P\000r\000e\000p\000a\000r\000a\000t\000i\000o\000n}{subsection.4.2}% 16
\BOOKMARK [3][-]{subsubsection.4.2.3}{\376\377\000M\000o\000d\000e\000l\000\040\000C\000o\000n\000s\000t\000r\000u\000c\000t\000i\000o\000n}{subsection.4.2}% 17
\BOOKMARK [3][-]{subsubsection.4.2.4}{\376\377\000M\000o\000d\000e\000l\000\040\000S\000o\000l\000u\000t\000i\000o\000n}{subsection.4.2}% 18
\BOOKMARK [1][-]{section.5}{\376\377\000S\000e\000n\000s\000i\000t\000i\000v\000i\000t\000y\000\040\000A\000n\000a\000l\000y\000s\000i\000s}{}% 19
\BOOKMARK [1][-]{section.6}{\376\377\000M\000o\000d\000e\000l\000\040\000E\000v\000a\000l\000u\000a\000t\000i\000o\000n\000\040\000a\000n\000d\000\040\000P\000r\000o\000m\000o\000t\000i\000o\000n}{}% 20
\BOOKMARK [2][-]{subsection.6.1}{\376\377\000M\000o\000d\000e\000l\000\040\000E\000v\000a\000l\000u\000a\000t\000i\000o\000n}{section.6}% 21
\BOOKMARK [3][-]{subsubsection.6.1.1}{\376\377\000A\000d\000v\000a\000n\000t\000a\000g\000e\000s}{subsection.6.1}% 22
\BOOKMARK [3][-]{subsubsection.6.1.2}{\376\377\000L\000i\000m\000i\000t\000a\000t\000i\000o\000n\000s}{subsection.6.1}% 23
\BOOKMARK [2][-]{subsection.6.2}{\376\377\000F\000u\000t\000u\000r\000e\000\040\000W\000o\000r\000k}{section.6}% 24
\BOOKMARK [3][-]{subsubsection.6.2.1}{\376\377\000M\000o\000d\000e\000l\000\040\000e\000x\000t\000e\000n\000s\000i\000o\000n}{subsection.6.2}% 25
\BOOKMARK [3][-]{subsubsection.6.2.2}{\376\377\000M\000o\000d\000e\000l\000\040\000a\000p\000p\000l\000i\000c\000a\000t\000i\000o\000n}{subsection.6.2}% 26
\BOOKMARK [1][-]{section.7}{\376\377\000C\000o\000n\000c\000l\000u\000s\000i\000o\000n\000s}{}% 27
=======
\BOOKMARK [2][-]{subsection.1.2}{\376\377\000R\000e\000s\000t\000a\000t\000e\000m\000e\000n\000t\000\040\000o\000f\000\040\000t\000h\000e\000\040\000P\000r\000o\000b\000l\000e\000m}{section.1}% 3
\BOOKMARK [2][-]{subsection.1.3}{\376\377\000T\000h\000e\000\040\000D\000e\000s\000c\000r\000i\000p\000t\000i\000o\000n\000\040\000o\000f\000\040\000t\000h\000e\000\040\000P\000r\000o\000b\000l\000e\000m}{section.1}% 4
\BOOKMARK [2][-]{subsection.1.4}{\376\377\000O\000u\000r\000\040\000W\000o\000r\000k}{section.1}% 5
\BOOKMARK [1][-]{section.2}{\376\377\000A\000s\000s\000u\000m\000p\000t\000i\000o\000n\000s}{}% 6
\BOOKMARK [1][-]{section.3}{\376\377\000N\000o\000t\000a\000t\000i\000o\000n\000s}{}% 7
\BOOKMARK [1][-]{section.4}{\376\377\000M\000o\000d\000e\000l\000i\000n\000g\000\040\000a\000n\000d\000\040\000S\000o\000l\000v\000i\000n\000g\000\040\000o\000f\000\040\000P\000r\000o\000b\000l\000e\000m\000\040\0001}{}% 8
\BOOKMARK [2][-]{subsection.4.1}{\376\377\000C\000a\000l\000c\000u\000l\000a\000t\000i\000o\000n\000\040\000o\000f\000\040\000e\000a\000c\000h\000\040\000s\000c\000h\000e\000m\000e}{section.4}% 9
\BOOKMARK [3][-]{subsubsection.4.1.1}{\376\377\000S\000c\000h\000e\000m\000e\000\040\000a\000:\000\040\000O\000n\000l\000y\000\040\000S\000p\000a\000c\000e\000\040\000E\000l\000e\000v\000a\000t\000o\000r\000\040\000S\000y\000s\000t\000e\000m}{subsection.4.1}% 10
\BOOKMARK [3][-]{subsubsection.4.1.2}{\376\377\000S\000c\000h\000e\000m\000e\000\040\000b\000:\000\040\000O\000n\000l\000y\000\040\000R\000o\000c\000k\000e\000t\000\040\000L\000a\000u\000n\000c\000h\000e\000s}{subsection.4.1}% 11
\BOOKMARK [3][-]{subsubsection.4.1.3}{\376\377\000S\000c\000h\000e\000m\000e\000\040\000c\000:\000\040\000C\000o\000m\000b\000i\000n\000e\000d\000\040\000S\000p\000a\000c\000e\000\040\000E\000l\000e\000v\000a\000t\000o\000r\000\040\000a\000n\000d\000\040\000R\000o\000c\000k\000e\000t\000\040\000L\000a\000u\000n\000c\000h\000e\000s}{subsection.4.1}% 12
\BOOKMARK [2][-]{subsection.4.2}{\376\377\000I\000m\000p\000r\000o\000v\000e\000m\000e\000n\000t\000\040\000o\000f\000\040\000s\000c\000h\000e\000m\000e\000\040\000c}{section.4}% 13
\BOOKMARK [3][-]{subsubsection.4.2.1}{\376\377\000R\000o\000c\000k\000e\000t\000\040\000I\000t\000e\000r\000a\000t\000i\000o\000n\000:\000\040\000T\000r\000a\000n\000s\000p\000o\000r\000t\000a\000t\000i\000o\000n\000\040\000c\000o\000s\000t\000\040\000i\000t\000e\000r\000a\000t\000i\000o\000n}{subsection.4.2}% 14
\BOOKMARK [3][-]{subsubsection.4.2.2}{\376\377\000A\000\040\000n\000e\000w\000\040\000s\000t\000r\000a\000t\000e\000g\000y\000\040\000b\000a\000s\000e\000d\000\040\000o\000n\000\040\000t\000h\000e\000\040\000i\000t\000e\000r\000a\000t\000i\000v\000e\000\040\000m\000o\000d\000e\000l\000s}{subsection.4.2}% 15
\BOOKMARK [2][-]{subsection.4.3}{\376\377\000C\000o\000n\000c\000l\000u\000s\000i\000o\000n\000s\000\040\000o\000f\000\040\000P\000r\000o\000b\000l\000e\000m\000\040\0001}{section.4}% 16
\BOOKMARK [1][-]{section.5}{\376\377\000M\000o\000d\000e\000l\000i\000n\000g\000\040\000a\000n\000d\000\040\000S\000o\000l\000v\000i\000n\000g\000\040\000o\000f\000\040\000P\000r\000o\000b\000l\000e\000m\000\040\0002}{}% 17
\BOOKMARK [2][-]{subsection.5.1}{\376\377\000I\000n\000t\000r\000o\000d\000u\000c\000t\000i\000o\000n\000\040\000o\000f\000\040\000N\000o\000n\000-\000i\000d\000e\000a\000l\000\040\000F\000a\000c\000t\000o\000r\000s}{section.5}% 18
\BOOKMARK [3][-]{subsubsection.5.1.1}{\376\377\000N\000o\000n\000-\000i\000d\000e\000a\000l\000\040\000F\000a\000c\000t\000o\000r\000s\000\040\000i\000n\000\040\000S\000p\000a\000c\000e\000\040\000E\000l\000e\000v\000a\000t\000o\000r\000\040\000S\000y\000s\000t\000e\000m}{subsection.5.1}% 19
\BOOKMARK [3][-]{subsubsection.5.1.2}{\376\377\000N\000o\000n\000-\000i\000d\000e\000a\000l\000\040\000F\000a\000c\000t\000o\000r\000s\000\040\000i\000n\000\040\000R\000o\000c\000k\000e\000t\000\040\000T\000r\000a\000n\000s\000p\000o\000r\000t\000a\000t\000i\000o\000n\000\040\000S\000y\000s\000t\000e\000m\000s}{subsection.5.1}% 20
\BOOKMARK [2][-]{subsection.5.2}{\376\377\000T\000r\000a\000n\000s\000p\000o\000r\000t\000a\000t\000i\000o\000n\000\040\000P\000l\000a\000n\000\040\000A\000d\000j\000u\000s\000t\000m\000e\000n\000t}{section.5}% 21
\BOOKMARK [3][-]{subsubsection.5.2.1}{\376\377\000S\000c\000h\000e\000m\000e\000\040\000a}{subsection.5.2}% 22
\BOOKMARK [3][-]{subsubsection.5.2.2}{\376\377\000S\000c\000h\000e\000m\000e\000\040\000b}{subsection.5.2}% 23
\BOOKMARK [3][-]{subsubsection.5.2.3}{\376\377\000S\000c\000h\000e\000m\000e\000\040\000c}{subsection.5.2}% 24
\BOOKMARK [2][-]{subsection.5.3}{\376\377\000S\000c\000h\000e\000m\000e\000\040\000C\000o\000m\000p\000a\000r\000i\000s\000o\000n\000\040\000a\000n\000d\000\040\000S\000e\000n\000s\000i\000t\000i\000v\000i\000t\000y\000\040\000A\000n\000a\000l\000y\000s\000i\000s}{section.5}% 25
\BOOKMARK [3][-]{subsubsection.5.3.1}{\376\377\000C\000o\000m\000p\000a\000r\000i\000s\000o\000n}{subsection.5.3}% 26
\BOOKMARK [3][-]{subsubsection.5.3.2}{\376\377\000E\000n\000g\000i\000n\000e\000e\000r\000i\000n\000g\000\040\000M\000e\000a\000s\000u\000r\000e\000s\000\040\000B\000a\000s\000e\000d\000\040\000o\000n\000\040\000M\000o\000d\000e\000l\000\040\000R\000e\000s\000u\000l\000t\000s}{subsection.5.3}% 27
\BOOKMARK [1][-]{section.6}{\376\377\000M\000o\000d\000e\000l\000i\000n\000g\000\040\000a\000n\000d\000\040\000S\000o\000l\000v\000i\000n\000g\000\040\000o\000f\000\040\000P\000r\000o\000b\000l\000e\000m\000\040\0003}{}% 28
\BOOKMARK [2][-]{subsection.6.1}{\376\377\000P\000r\000e\000p\000a\000r\000a\000t\000i\000o\000n\000\040\000o\000f\000\040\000m\000o\000d\000e\000l\000s}{section.6}% 29
\BOOKMARK [2][-]{subsection.6.2}{\376\377\000W\000a\000t\000e\000r\000\040\000D\000e\000m\000a\000n\000d\000\040\000M\000o\000d\000e\000l}{section.6}% 30
\BOOKMARK [3][-]{subsubsection.6.2.1}{\376\377\000P\000h\000y\000s\000i\000o\000l\000o\000g\000i\000c\000a\000l\000\040\000a\000n\000d\000\040\000D\000o\000m\000e\000s\000t\000i\000c\000\040\000W\000a\000t\000e\000r\000\040\000D\000e\000m\000a\000n\000d}{subsection.6.2}% 31
\BOOKMARK [3][-]{subsubsection.6.2.2}{\376\377\000A\000g\000r\000i\000c\000u\000l\000t\000u\000r\000a\000l\000\040\000W\000a\000t\000e\000r\000\040\000D\000e\000m\000a\000n\000d}{subsection.6.2}% 32
\BOOKMARK [3][-]{subsubsection.6.2.3}{\376\377\000I\000n\000d\000u\000s\000t\000r\000i\000a\000l\000\040\000W\000a\000t\000e\000r\000\040\000D\000e\000m\000a\000n\000d}{subsection.6.2}% 33
\BOOKMARK [3][-]{subsubsection.6.2.4}{\376\377\000T\000e\000c\000h\000n\000i\000c\000a\000l\000\040\000L\000e\000a\000k\000s\000\040\000a\000n\000d\000\040\000E\000n\000v\000i\000r\000o\000n\000m\000e\000n\000t\000a\000l\000\040\000D\000a\000m\000a\000g\000e}{subsection.6.2}% 34
\BOOKMARK [3][-]{subsubsection.6.2.5}{\376\377\000C\000o\000m\000p\000r\000e\000h\000e\000n\000s\000i\000v\000e\000\040\000C\000a\000l\000c\000u\000l\000a\000t\000i\000o\000n}{subsection.6.2}% 35
\BOOKMARK [2][-]{subsection.6.3}{\376\377\000W\000a\000t\000e\000r\000\040\000R\000e\000s\000o\000u\000r\000c\000e\000\040\000R\000e\000p\000l\000e\000n\000i\000s\000h\000m\000e\000n\000t\000\040\000M\000o\000d\000e\000l}{section.6}% 36
\BOOKMARK [2][-]{subsection.6.4}{\376\377\000S\000e\000n\000s\000i\000t\000i\000v\000i\000t\000y\000\040\000A\000n\000a\000l\000y\000s\000i\000s\000\040\000a\000n\000d\000\040\000R\000e\000s\000o\000u\000r\000c\000e\000\040\000U\000t\000i\000l\000i\000z\000a\000t\000i\000o\000n}{section.6}% 37
\BOOKMARK [2][-]{subsection.6.5}{\376\377\000C\000o\000n\000c\000l\000u\000s\000i\000o\000n\000s\000\040\000o\000f\000\040\000P\000r\000o\000b\000l\000e\000m\000\040\0003}{section.6}% 38
\BOOKMARK [1][-]{section.7}{\376\377\000M\000o\000d\000e\000l\000i\000n\000g\000\040\000a\000n\000d\000\040\000S\000o\000l\000v\000i\000n\000g\000\040\000o\000f\000\040\000P\000r\000o\000b\000l\000e\000m\000\040\0004}{}% 39
\BOOKMARK [2][-]{subsection.7.1}{\376\377\000P\000r\000e\000p\000a\000r\000a\000t\000i\000o\000n\000\040\000o\000f\000\040\000m\000o\000d\000e\000l\000s}{section.7}% 40
\BOOKMARK [2][-]{subsection.7.2}{\376\377\000C\000o\000n\000s\000t\000r\000u\000c\000t\000i\000o\000n\000\040\000o\000f\000\040\000L\000C\000A\000\040\000M\000o\000d\000e\000l}{section.7}% 41
\BOOKMARK [2][-]{subsection.7.3}{\376\377\000C\000a\000l\000c\000u\000l\000a\000t\000i\000o\000n\000\040\000o\000f\000\040\000T\000o\000t\000a\000l\000\040\000E\000n\000v\000i\000r\000o\000n\000m\000e\000n\000t\000a\000l\000\040\000I\000m\000p\000a\000c\000t}{section.7}% 42
\BOOKMARK [3][-]{subsubsection.7.3.1}{\376\377\000P\000h\000y\000s\000i\000c\000a\000l\000\040\000D\000e\000r\000i\000v\000a\000t\000i\000o\000n\000\040\000o\000f\000\040\000A\000t\000m\000o\000s\000p\000h\000e\000r\000i\000c\000\040\000C\000a\000r\000r\000y\000i\000n\000g\000\040\000C\000a\000p\000a\000c\000i\000t\000y\000\040\000T\000h\000r\000e\000s\000h\000o\000l\000d}{subsection.7.3}% 43
\BOOKMARK [3][-]{subsubsection.7.3.2}{\376\377\000S\000t\000e\000a\000d\000y\000-\000s\000t\000a\000t\000e\000\040\000E\000q\000u\000i\000l\000i\000b\000r\000i\000u\000m\000\040\000C\000a\000l\000c\000u\000l\000a\000t\000i\000o\000n\000\040\000F\000o\000r\000m\000u\000l\000a}{subsection.7.3}% 44
\BOOKMARK [2][-]{subsection.7.4}{\376\377\000M\000o\000d\000i\000f\000i\000c\000a\000t\000i\000o\000n\000\040\000o\000f\000\040\000t\000h\000e\000\040\000T\000r\000a\000n\000s\000p\000o\000r\000t\000a\000t\000i\000o\000n\000\040\000M\000o\000d\000e\000l}{section.7}% 45
\BOOKMARK [2][-]{subsection.7.5}{\376\377\000C\000o\000n\000c\000l\000u\000s\000i\000o\000n}{section.7}% 46
\BOOKMARK [1][-]{section.8}{\376\377\000M\000o\000d\000e\000l\000\040\000E\000v\000a\000l\000u\000a\000t\000i\000o\000n}{}% 47
\BOOKMARK [2][-]{subsection.8.1}{\376\377\000A\000d\000v\000a\000n\000t\000a\000g\000e\000s}{section.8}% 48
\BOOKMARK [2][-]{subsection.8.2}{\376\377\000L\000i\000m\000i\000t\000a\000t\000i\000o\000n\000s}{section.8}% 49
\BOOKMARK [1][-]{section.9}{\376\377\000L\000e\000t\000t\000e\000r\000\040\000o\000f\000\040\000A\000d\000v\000i\000c\000e}{}% 50
>>>>>>> 604b2d943fd4b8cd6daeab3470bbe5e77daca95e
