\BOOKMARK [1][-]{section.1}{\376\377\225\356\230\230\221\315\217\360}{}% 1
\BOOKMARK [2][-]{subsection.1.1}{\376\377\170\024\172\166\200\314\146\157}{section.1}% 2
\BOOKMARK [2][-]{subsection.1.2}{\376\377\225\356\230\230\151\202\217\360}{section.1}% 3
\BOOKMARK [1][-]{section.2}{\376\377\152\041\127\213\120\107\213\276}{}% 4
\BOOKMARK [1][-]{section.3}{\376\377\173\046\123\367\213\364\146\016}{}% 5
\BOOKMARK [1][-]{section.4}{\376\377\225\356\230\230\116\000\377\032\121\170\127\213\230\316\121\111\127\072\146\157\116\013\217\320\210\114\143\007\150\007\122\006\147\220}{}% 6
\BOOKMARK [2][-]{subsection.4.1}{\376\377\225\356\230\230\122\006\147\220\116\016\154\102\211\343\140\035\215\357}{section.4}% 7
\BOOKMARK [2][-]{subsection.4.2}{\376\377\145\160\133\146\152\041\127\213\136\372\172\313}{section.4}% 8
\BOOKMARK [3][-]{subsubsection.4.2.1}{\376\377\122\237\163\207\136\163\210\141\145\271\172\013}{subsection.4.2}% 9
\BOOKMARK [3][-]{subsubsection.4.2.2}{\376\377\145\345\200\375\221\317\143\007\150\007\213\241\173\227}{subsection.4.2}% 10
\BOOKMARK [3][-]{subsubsection.4.2.3}{\376\377\176\377\165\065\166\364\217\336\143\007\150\007}{subsection.4.2}% 11
\BOOKMARK [3][-]{subsubsection.4.2.4}{\376\377\124\050\154\050\142\020\147\054\152\041\127\213}{subsection.4.2}% 12
\BOOKMARK [2][-]{subsection.4.3}{\376\377\213\241\173\227\176\323\147\234\116\016\122\006\147\220}{section.4}% 13
\BOOKMARK [3][-]{subsubsection.4.3.1}{\376\377\122\237\163\207\136\163\210\141\146\362\176\277}{subsection.4.3}% 14
\BOOKMARK [3][-]{subsubsection.4.3.2}{\376\377\217\320\210\114\143\007\150\007\213\241\173\227\176\323\147\234}{subsection.4.3}% 15
\BOOKMARK [3][-]{subsubsection.4.3.3}{\376\377\176\317\121\170\230\316\121\111\127\072\146\157\217\320\210\114\143\007\150\007\140\073\176\323}{subsection.4.3}% 16
\BOOKMARK [1][-]{section.5}{\376\377\225\356\230\230\116\214\377\032\127\372\116\216\171\273\145\143\122\066\154\050\214\003\202\202\166\204\217\320\210\114\117\030\123\026}{}% 17
\BOOKMARK [2][-]{subsection.5.1}{\376\377\225\356\230\230\122\006\147\220\116\016\154\102\211\343\140\035\215\357}{section.5}% 18
\BOOKMARK [2][-]{subsection.5.2}{\376\377\145\160\133\146\152\041\127\213\136\372\172\313}{section.5}% 19
\BOOKMARK [3][-]{subsubsection.5.2.1}{\376\377\121\263\173\126\123\330\221\317}{subsection.5.2}% 20
\BOOKMARK [3][-]{subsubsection.5.2.2}{\376\377\176\246\147\137\147\141\116\366}{subsection.5.2}% 21
\BOOKMARK [3][-]{subsubsection.5.2.3}{\376\377\166\356\150\007\121\375\145\160}{subsection.5.2}% 22
\BOOKMARK [3][-]{subsubsection.5.2.4}{\376\377\215\052\137\303\173\227\154\325\154\102\211\343}{subsection.5.2}% 23
\BOOKMARK [2][-]{subsection.5.3}{\376\377\225\356\230\230\116\214\000\050\0001\000\051\377\032\121\170\127\213\127\072\146\157\124\004\116\247\221\317\147\000\117\030\145\271\150\110}{section.5}% 24
\BOOKMARK [2][-]{subsection.5.4}{\376\377\225\356\230\230\116\214\000\050\0002\000\051\377\032\0002\0004\171\315\127\072\146\157\121\150\136\164\176\337\213\241\122\006\147\220}{section.5}% 25
\BOOKMARK [1][-]{section.6}{\376\377\225\356\230\230\116\011\377\032\127\372\116\216\217\336\176\355\122\066\154\050\214\003\202\202\166\204\217\320\210\114\117\030\123\026}{}% 26
\BOOKMARK [2][-]{subsection.6.1}{\376\377\225\356\230\230\122\006\147\220\116\016\154\102\211\343\140\035\215\357}{section.6}% 27
\BOOKMARK [2][-]{subsection.6.2}{\376\377\145\160\133\146\152\041\127\213\136\372\172\313}{section.6}% 28
\BOOKMARK [3][-]{subsubsection.6.2.1}{\376\377\121\263\173\126\123\330\221\317\116\016\176\246\147\137}{subsection.6.2}% 29
\BOOKMARK [3][-]{subsubsection.6.2.2}{\376\377\166\356\150\007\121\375\145\160}{subsection.6.2}% 30
\BOOKMARK [3][-]{subsubsection.6.2.3}{\376\377\000B\000r\000a\000n\000c\000h\000-\000a\000n\000d\000-\000C\000u\000t\000\040\173\227\154\325\154\102\211\343}{subsection.6.2}% 31
\BOOKMARK [3][-]{subsubsection.6.2.4}{\376\377\154\102\211\343\166\204\176\317\155\116\166\364\211\311}{subsection.6.2}% 32
\BOOKMARK [2][-]{subsection.6.3}{\376\377\225\356\230\230\116\011\000\050\0001\000\051\377\032\0002\0004\171\315\127\072\146\157\147\000\117\030\214\003\136\246\145\271\150\110}{section.6}% 33
\BOOKMARK [2][-]{subsection.6.4}{\376\377\225\356\230\230\116\011\000\050\0002\000\051\377\032\217\320\210\114\162\266\121\265\122\006\147\220}{section.6}% 34
\BOOKMARK [2][-]{subsection.6.5}{\376\377\133\371\153\324\122\006\147\220\377\032\116\044\171\315\165\065\211\343\151\375\166\204\173\111\153\324\117\213\214\003\143\247\116\016\162\354\172\313\122\006\221\115}{section.6}% 35
\BOOKMARK [2][-]{subsection.6.6}{\376\377\225\356\230\230\116\011\000\050\0003\000\051\377\032\116\016\225\356\230\230\116\214\133\371\153\324\122\006\147\220}{section.6}% 36
\BOOKMARK [1][-]{section.7}{\376\377\225\356\230\230\126\333\377\032\171\273\177\121\217\320\210\114\116\016\120\250\200\375\221\115\177\156\170\024\172\166}{}% 37
\BOOKMARK [2][-]{subsection.7.1}{\376\377\225\356\230\230\122\006\147\220\116\016\154\102\211\343\140\035\215\357}{section.7}% 38
\BOOKMARK [2][-]{subsection.7.2}{\376\377\225\356\230\230\126\333\000\050\0001\000\051\377\032\171\273\177\121\145\340\120\250\200\375\217\320\210\114\122\006\147\220}{section.7}% 39
\BOOKMARK [3][-]{subsubsection.7.2.1}{\376\377\145\160\133\146\152\041\127\213}{subsection.7.2}% 40
\BOOKMARK [3][-]{subsubsection.7.2.2}{\376\377\213\241\173\227\176\323\147\234}{subsection.7.2}% 41
\BOOKMARK [3][-]{subsubsection.7.2.3}{\376\377\147\000\134\017\230\316\121\111\210\305\147\072\133\271\221\317\117\060\173\227}{subsection.7.2}% 42
\BOOKMARK [2][-]{subsection.7.3}{\376\377\225\356\230\230\126\333\000\050\0002\000\051\377\032\120\250\200\375\221\115\177\156\117\030\123\026}{section.7}% 43
\BOOKMARK [3][-]{subsubsection.7.3.1}{\376\377\120\250\200\375\162\266\140\001\145\271\172\013}{subsection.7.3}% 44
\BOOKMARK [3][-]{subsubsection.7.3.2}{\376\377\123\302\145\160\142\153\143\317\117\030\123\026}{subsection.7.3}% 45
\BOOKMARK [2][-]{subsection.7.4}{\376\377\225\356\230\230\126\333\000\050\0003\000\051\377\032\171\273\177\121\116\016\200\124\177\121\176\317\155\116\140\047\133\371\153\324}{section.7}% 46
\BOOKMARK [1][-]{section.8}{\376\377\225\356\230\230\116\224\377\032\176\377\165\065\126\355\123\072\156\027\220\017\163\207\143\320\232\330\133\371\165\065\122\233\174\373\176\337\166\204\137\161\124\315\116\016\145\077\173\126\136\372\213\256}{}% 47
\BOOKMARK [2][-]{subsection.8.1}{\376\377\176\377\165\065\126\355\123\072\133\271\221\317\156\027\220\017\163\207\143\320\232\330\166\204\137\161\124\315\122\006\147\220}{section.8}% 48
\BOOKMARK [3][-]{subsubsection.8.1.1}{\376\377\147\011\122\051\137\161\124\315}{subsection.8.1}% 49
\BOOKMARK [3][-]{subsubsection.8.1.2}{\376\377\116\015\122\051\137\161\124\315}{subsection.8.1}% 50
\BOOKMARK [2][-]{subsection.8.2}{\376\377\145\077\173\126\136\372\213\256}{section.8}% 51
\BOOKMARK [1][-]{section.9}{\376\377\160\165\145\117\136\246\122\006\147\220\116\016\152\041\127\213\150\300\232\214}{}% 52
\BOOKMARK [2][-]{subsection.9.1}{\376\377\160\165\145\117\136\246\122\006\147\220\145\271\154\325}{section.9}% 53
\BOOKMARK [2][-]{subsection.9.2}{\376\377\160\165\145\117\136\246\122\006\147\220\176\323\147\234}{section.9}% 54
\BOOKMARK [2][-]{subsection.9.3}{\376\377\152\041\127\213\150\300\232\214}{section.9}% 55
\BOOKMARK [3][-]{subsubsection.9.3.1}{\376\377\200\375\221\317\133\210\140\122\232\214\213\301}{subsection.9.3}% 56
\BOOKMARK [3][-]{subsubsection.9.3.2}{\376\377\176\246\147\137\156\341\215\263\232\214\213\301}{subsection.9.3}% 57
\BOOKMARK [1][-]{section.10}{\376\377\152\041\127\213\213\304\116\367\116\016\143\250\136\177}{}% 58
\BOOKMARK [2][-]{subsection.10.1}{\376\377\152\041\127\213\117\030\160\271}{section.10}% 59
\BOOKMARK [2][-]{subsection.10.2}{\376\377\152\041\127\213\116\015\215\263}{section.10}% 60
\BOOKMARK [2][-]{subsection.10.3}{\376\377\152\041\127\213\143\250\136\177}{section.10}% 61
